name="Default level pack"
levelfile(%DATA%/data/level/BabySteps.map,BabySteps)
levelfile(%DATA%/data/level/ShadowBlocks.map,ShadowBlocks)
levelfile(%DATA%/data/level/LittleHelp.map,LittleHelp)
levelfile(%DATA%/data/level/FirstSpikes.map,FirstSpikes)
levelfile(%DATA%/data/level/SomeSpikes.map,SomeSpikes)
levelfile(%DATA%/data/level/Tricky.map,Tricky)
levelfile(%DATA%/data/level/Jumper.map,Jumper)
levelfile(%DATA%/data/level/FreeFall.map,FreeFall)
levelfile(%DATA%/data/level/Control.map,Control)
levelfile(%DATA%/data/level/Tower.map,Tower)
levelfile(%DATA%/data/level/Jumping.map,Jumping)
levelfile(%DATA%/data/level/UpDown.map,UpDown)
levelfile(%DATA%/data/level/Spiky.map,Spiky)
levelfile(%DATA%/data/level/Damn.map,Damn)
levelfile(%DATA%/data/level/FreeFall2.map,FreeFall2)
levelfile(%DATA%/data/level/Timing.map,Timing)
levelfile(%DATA%/data/level/Carry.map,Carry)
levelfile(%DATA%/data/level/Road.map,Road)
levelfile(%DATA%/data/level/Lab.map,Lab)
levelfile(%DATA%/data/level/LeftRight.map,LeftRight)
levelfile(%DATA%/data/level/Shadow.map,Shadow)
levelfile(%DATA%/data/level/Here.map,Here)
levelfile(%DATA%/data/level/End.map,End)
levelfile(%DATA%/data/level/Credits.map,Credits)
