name="Shadow Switch"
recordings=5
size=1200,600
time=1720
tile(PlayerStart,50,350,50,50)
tile(ShadowBlock,150,300,50,50)
tile(ShadowBlock,350,300,50,50)
tile(ShadowBlock,550,300,50,50)
tile(ShadowStart,150,250,50,50)
tile(Fragile,250,400,50,50){
	state=1
}
tile(ShadowBlock,750,300,50,50)
tile(Fragile,750,450,50,50){
	state=0
}
tile(Fragile,150,450,50,50){
	state=1
}
tile(Fragile,50,400,50,50){
	state=1
}
tile(Switch,350,250,50,50){
	behaviour=on
	id=1
}
tile(Switch,550,250,50,50){
	behaviour=on
	id=2
}
tile(Switch,650,200,50,50){
	behaviour=on
	id=3
}
tile(MovingBlock,450,400,50,50){
	MovingPosCount=1
	activated=0
	id=2
	loop=0
	t0=111
	x0=100
	y0=50
}
tile(MovingBlock,450,400,50,50){
	MovingPosCount=1
	activated=0
	id=1
	loop=0
	t0=111
	x0=-100
	y0=50
}
tile(MovingBlock,650,400,50,50){
	MovingPosCount=1
	activated=0
	id=3
	loop=0
	t0=111
	x0=100
	y0=50
}
tile(Fragile,350,450,50,50){
	state=2
}
tile(Fragile,550,450,50,50){
	state=2
}
tile(Switch,750,250,50,50){
	behaviour=on
	id=7
}
tile(MovingBlock,850,400,50,50){
	MovingPosCount=1
	activated=0
	id=7
	loop=0
	t0=141
	x0=100
	y0=-100
}
tile(Exit,1150,300,50,50)
tile(Fragile,950,450,50,50){
	state=2
}
tile(Fragile,1050,400,50,50){
	state=2
}
tile(Fragile,1150,450,50,50){
	state=2
}
tile(ShadowBlock,950,300,50,50)
