name="Default level pack"
levelfile(%LVLPACK%/default/BabySteps.map,BabySteps)
levelfile(%LVLPACK%/default/ShadowBlocks.map,ShadowBlocks)
levelfile(%LVLPACK%/default/LittleHelp.map,LittleHelp)
levelfile(%LVLPACK%/default/FirstSpikes.map,FirstSpikes)
levelfile(%LVLPACK%/default/SomeSpikes.map,SomeSpikes)
levelfile(%LVLPACK%/default/Tricky.map,Tricky)
levelfile(%LVLPACK%/default/Jumper.map,Jumper)
levelfile(%LVLPACK%/default/FreeFall.map,FreeFall)
levelfile(%LVLPACK%/default/Control.map,Control)
levelfile(%LVLPACK%/default/Tower.map,Tower)
levelfile(%LVLPACK%/default/Jumping.map,Jumping)
levelfile(%LVLPACK%/default/UpDown.map,UpDown)
levelfile(%LVLPACK%/default/Spiky.map,Spiky)
levelfile(%LVLPACK%/default/Damn.map,Damn)
levelfile(%LVLPACK%/default/FreeFall2.map,FreeFall2)
levelfile(%LVLPACK%/default/Timing.map,Timing)
levelfile(%LVLPACK%/default/Carry.map,Carry)
levelfile(%LVLPACK%/default/Road.map,Road)
levelfile(%LVLPACK%/default/Lab.map,Lab)
levelfile(%LVLPACK%/default/LeftRight.map,LeftRight)
levelfile(%LVLPACK%/default/Shadow.map,Shadow)
levelfile(%LVLPACK%/default/Here.map,Here)
levelfile(%LVLPACK%/default/End.map,End)
levelfile(%LVLPACK%/default/Credits.map,Credits)
